Parsed test spec with 1 sessions

starting permutation: s1a
step s1a: 
    SELECT 1 FROM master_add_node('localhost', 57637);
    SELECT 1 FROM master_add_node('localhost', 57638);
    SELECT nodename, nodeport, isactive FROM pg_dist_node ORDER BY nodeid;

?column?       

1              
?column?       

1              
nodename       nodeport       isactive       

localhost      57637          t              
localhost      57638          t              
