-- removing coordinator from pg_dist_node should update pg_dist_colocation
SELECT master_remove_node('localhost', :master_port);
 master_remove_node 
--------------------
 
(1 row)

SELECT replicationfactor = 2 FROM pg_dist_colocation WHERE distributioncolumntype=0;
 ?column? 
----------
 t
(1 row)

